[2025-08-05 02:31:00,691] [INFO] [app_logger:66] - [e8da0a2b-65ad-4dbd-8bc8-e302a3799baa_Bnk미팅.m4a]
[2025-08-05 04:04:15,993] [INFO] [app_logger:66] - [f1624360-cfb8-4c78-b478-8a637a04b654_Bnk미팅.m4a]
[2025-08-05 04:12:55,487] [INFO] [app_logger:66] - [439d676f-e58f-443b-bea3-1c40e2026b58_20250630_주간회의.m4a]
[2025-08-11 02:26:06,740] [INFO] [app_logger:66] - [54629ad7-8565-4bce-9c96-086c10e34e7a_250811_ai_meeting.m4a]
[2025-08-12 08:01:01,607] [INFO] [app_logger:66] - [939b231e-f888-493b-bca5-f880ae0c2288_5분자유발언_API.m4a]
[2025-08-12 08:07:33,088] [INFO] [app_logger:66] - [b09bbee3-0349-4e30-b638-7e6ecd3bc043_250811_주간회의.m4a]
[2025-08-13 01:23:45,553] [INFO] [app_logger:66] - [69b5f4c6-5676-496c-a6fa-06c4a963c27e_250813_경전실_회의록회의.m4a]
[2025-08-13 04:26:13,694] [INFO] [app_logger:66] - [8b07abab-b535-4fa8-9526-8bd3a50825d0_에듀페이_1차_250729.m4a]
[2025-08-13 04:47:12,143] [INFO] [app_logger:76] - [62c2a7b5-821d-47b5-af55-03e61889bb80_meeting_72.wav]
[2025-08-13 05:06:11,230] [INFO] [app_logger:76] - [42103d68-7990-4d51-8cbe-95d7f66995d6_250813_경전실_회의록회의.m4a]
[2025-08-13 05:07:44,411] [INFO] [app_logger:76] - [ea414b52-77c6-425a-be4c-efd38b995c9f_250811_ai_meeting.m4a]
[2025-08-13 05:17:17,292] [INFO] [app_logger:76] - [42103d68-7990-4d51-8cbe-95d7f66995d6_250813_경전실_회의록회의.m4a]
[2025-08-13 05:21:40,791] [INFO] [app_logger:76] - [df0f8c5e-c6e9-4d96-bdc0-6e3254b9763f_20250630_주간회의.m4a]
[2025-08-13 05:22:08,820] [INFO] [app_logger:76] - [ae45b0e2-a003-4d6f-9a04-09e4b08810a4_250804_ai_meeting.m4a]
[2025-08-13 05:25:55,018] [INFO] [app_logger:76] - [74f8d447-4688-4cd2-845b-7da231b1ba20_250623_ai_meeting.m4a]
[2025-08-13 05:26:19,742] [INFO] [app_logger:76] - [6cd153b0-9f2e-43ee-a230-0f82f1b5d9a0_250804_ai_meeting.m4a]
[2025-08-13 05:34:08,548] [INFO] [app_logger:76] - [ea414b52-77c6-425a-be4c-efd38b995c9f_250811_ai_meeting.m4a]
[2025-08-13 05:51:18,161] [INFO] [app_logger:76] - [e59455b5-d326-4841-a54f-a45df469d6ac_250718_오라클 oci 설명회.m4a]
[2025-08-13 06:03:36,172] [INFO] [app_logger:76] - [3064f64a-f906-45a1-ae56-18eb39b17175_음성 250801_080326.m4a]
[2025-08-13 06:48:00,171] [INFO] [app_logger:76] - [e0e67f9c-1bfd-4bef-9927-d7f68f75e254_250813_삼성sds회의.m4a]
[2025-08-13 07:18:35,994] [INFO] [app_logger:76] - [89472f3a-f0c2-4863-abf7-a9b54cc35706_에듀페이_2차.m4a]
[2025-08-13 07:51:18,710] [INFO] [app_logger:76] - [d10d1633-f567-4ece-8be1-1dc4563218cc_250722_K0DATA.m4a]
[2025-08-13 07:53:05,311] [INFO] [app_logger:76] - [5665bef6-3404-464b-9419-eb49bedb6fc5_250813_경전실_회의록회의.m4a]
[2025-08-13 08:12:57,203] [INFO] [app_logger:76] - [16f0987d-82c1-4650-85fc-41e5baec2de1_에듀페이_1차_250729.m4a]
[2025-08-18 02:08:29,004] [INFO] [app_logger:83] - [19035223-9513-4693-971e-a6f1ac944adf_ai주간회의_20250818.m4a]
[2025-08-19 02:43:52,613] [INFO] [app_logger:83] - [272e10d8-3e82-40e7-ac40-db46d7052a27_새로운 녹음 27.m4a]
[2025-08-20 07:05:20,264] [INFO] [app_logger:83] - [d631dcf9-d267-4391-a4a6-f37893c072a1_음성 250818_170032.m4a]
[2025-08-22 07:10:46,037] [INFO] [app_logger:83] - [80ad1d14-d3de-4932-8d69-c1386e159229_250822.m4a]
[2025-08-24 23:18:21,030] [INFO] [app_logger:83] - [e7724340-d7e0-4963-a1da-fcaafa1d9bc8_250821_전략과제회의(1).mp3]
[2025-08-24 23:24:29,032] [INFO] [app_logger:83] - [d55fc914-3c12-4a24-9b0f-ac2f2ae56901_250821_전략과제회의(1).mp3]
[2025-08-24 23:25:03,828] [INFO] [app_logger:83] - [d55fc914-3c12-4a24-9b0f-ac2f2ae56901_250821_전략과제회의(1).mp3]
[2025-08-25 00:58:22,721] [INFO] [app_logger:83] - [19afc619-bc79-475e-91da-a74a596d136e_250825_ai_meeting.m4a]
[2025-08-25 07:11:08,501] [INFO] [app_logger:83] - [82164a9c-a090-4fd2-91af-388fa75524dc_250821_전략과제회의.wav]
[2025-08-25 07:12:18,409] [INFO] [app_logger:83] - [dc409502-6ef5-4974-bb71-eb586abd9fb9_250825 월간회의.wav]
[2025-08-26 00:29:37,475] [INFO] [app_logger:83] - [13da33a5-976c-4522-9858-6141aa8d246d_250818_대화형이슈분석.m4a]
[2025-08-26 01:22:08,940] [INFO] [app_logger:83] - [4cd5be64-ba32-474d-8956-bff3cedfd465_의사당대로.m4a]
[2025-08-26 05:59:59,006] [INFO] [app_logger:83] - [4cd5be64-ba32-474d-8956-bff3cedfd465_의사당대로.m4a]
[2025-08-28 00:13:44,745] [INFO] [app_logger:85] - [1ffe45c6-deb3-4f11-8c26-61ff08c24322_음성 250827_150301.m4a]
[2025-08-28 00:19:47,462] [INFO] [app_logger:85] - [13da33a5-976c-4522-9858-6141aa8d246d_250818_대화형이슈분석.m4a]
[2025-08-28 00:27:09,638] [INFO] [app_logger:85] - [1ffe45c6-deb3-4f11-8c26-61ff08c24322_음성 250827_150301.m4a]
[2025-08-28 00:40:40,589] [INFO] [app_logger:85] - [13da33a5-976c-4522-9858-6141aa8d246d_250818_대화형이슈분석.m4a]
[2025-08-28 01:12:32,839] [INFO] [app_logger:85] - [62ac5a4b-429e-4e58-a4c3-7a6f907f4581_250825_주간회의.m4a]
[2025-08-28 06:14:16,447] [INFO] [app_logger:85] - [3c6e0b7c-8226-4f74-85c9-924da04fea58_20250106.wav]
[2025-08-28 06:42:09,533] [INFO] [app_logger:85] - [35a2a9f7-e4a1-4ad5-a9c9-2fb973df9a95_20250423_1.wav]
[2025-08-28 06:44:08,487] [INFO] [app_logger:85] - [3c6e0b7c-8226-4f74-85c9-924da04fea58_20250106.wav]
[2025-08-29 00:58:48,343] [INFO] [app_logger:85] - [61955e8d-0441-4f3b-9974-a8f13ea6570c_전략과제리뷰 A파트 4차 ICT.m4a]
[2025-08-29 01:01:15,098] [INFO] [app_logger:85] - [aecfcca0-6d5b-43f1-8a59-dcfcd9c0d1ff_전략과제리뷰 A파트 4차 NewBiz.m4a]
[2025-08-29 01:03:43,855] [INFO] [app_logger:85] - [2a53aa48-4b99-4ecf-bf81-5aea5e6bea7f_전략과제리뷰 A파트 4차 CM & 경전실.m4a]
[2025-08-29 01:08:21,507] [INFO] [app_logger:85] - [7a17fb88-6696-4977-864b-d984e7b09f46_경전실 전략팀 신규입사자 면접.m4a]
[2025-08-29 01:23:37,950] [INFO] [app_logger:85] - [d8c9ef27-b9f3-4a7f-b382-6d6d6695bc9a_전략과제리뷰 A파트 4차 StratBiz.m4a]
[2025-08-29 01:24:51,069] [INFO] [app_logger:85] - [acf547cf-a9a6-4749-9a02-74de324026a4_전략과제리뷰 A파트 4차 Service.m4a]
[2025-08-29 01:26:51,039] [INFO] [app_logger:85] - [f3f7ea38-037d-4a67-824a-0869f5961e3f_8월 레디빅 시너지회의.m4a]
[2025-08-29 02:01:17,010] [INFO] [app_logger:85] - [42103d68-7990-4d51-8cbe-95d7f66995d6_250813_경전실_회의록회의.m4a]
[2025-09-08 01:02:26,542] [INFO] [app_logger:85] - [01049f21-5a56-4e19-8d39-307019d33a79_250908_ai_meeting.m4a]
[2025-09-10 06:58:52,791] [INFO] [app_logger:85] - [12316c10-a392-44f1-96a5-7ab0d82483c5_9_8 NB 주간회의.m4a]
[2025-09-12 08:36:50,135] [INFO] [app_logger:85] - [8f519d44-57c8-4939-8ae3-fc2c4a5a314f_250912_ai_meeting.m4a]
[2025-09-15 06:44:03,227] [INFO] [app_logger:85] - [91baebc7-d2cf-498e-b888-9d398bc6ba44_250915_주간회의.m4a]
[2025-09-16 08:31:37,539] [INFO] [app_logger:85] - [a4f407f0-6ec0-465a-bdd3-93b660502af6_IBK 본사업.m4a]
[2025-09-19 01:55:56,805] [INFO] [app_logger:85] - [703a6c89-7357-40a6-98ae-4185bc39d651_9_15 NB주간회의 1_아젠다 중심 (1).m4a]
[2025-09-19 02:02:32,407] [INFO] [app_logger:85] - [98add526-ca10-4593-a174-b35ca2cf8037_250919_ai_meeting.m4a]
[2025-09-21 22:23:44,388] [INFO] [app_logger:85] - [3ae460a8-8e56-4cb0-b30e-beeafc983cdc_9_15 NB주간회의 2.m4a]
[2025-09-22 10:10:32,166] [INFO] [app_logger:85] - [2d46a1de-30ae-4986-a218-a1731bce9852_9_22 NB 주간회의_아젠다 중심.m4a]
[2025-09-22 10:11:28,054] [INFO] [app_logger:85] - [a1385992-520f-45d0-ae98-4090b0f5c26c_9_22 NB 주간회의_자회사 중심.m4a]
[2025-09-22 10:19:15,604] [INFO] [app_logger:85] - [acf4a202-f4be-4d61-b330-7bead764790f_250922_주간회의.m4a]
[2025-09-29 09:15:37,235] [INFO] [app_logger:85] - [d42516dd-29b4-41e9-9e21-6c60413e2709_9_29 NB 주간회의_아젠다 중심.m4a]
[2025-09-29 09:16:34,253] [INFO] [app_logger:85] - [1ac8ab63-81de-4463-b00d-bba3d6248d4d_9_29 NB 주간회의2.m4a]
[2025-09-30 00:07:53,154] [INFO] [app_logger:85] - [2a5e4959-5681-4312-8b5c-b042b0c6cdce_음성 250925_163517.m4a]
[2025-09-30 01:00:45,494] [INFO] [app_logger:85] - [1ac8ab63-81de-4463-b00d-bba3d6248d4d_9_29 NB 주간회의2.m4a]
[2025-09-30 01:23:05,583] [INFO] [app_logger:85] - [d42516dd-29b4-41e9-9e21-6c60413e2709_9_29 NB 주간회의_아젠다 중심.m4a]
[2025-09-30 01:38:06,493] [INFO] [app_logger:85] - [1ac8ab63-81de-4463-b00d-bba3d6248d4d_9_29 NB 주간회의2.m4a]
[2025-09-30 01:59:37,094] [INFO] [app_logger:85] - [1ac8ab63-81de-4463-b00d-bba3d6248d4d_9_29 NB 주간회의2.m4a]
[2025-09-30 02:02:56,974] [INFO] [app_logger:85] - [1ac8ab63-81de-4463-b00d-bba3d6248d4d_9_29 NB 주간회의2.m4a]
[2025-09-30 02:22:07,853] [INFO] [app_logger:85] - [1ac8ab63-81de-4463-b00d-bba3d6248d4d_9_29 NB 주간회의2.m4a]
[2025-09-30 02:29:58,386] [INFO] [app_logger:85] - [1ac8ab63-81de-4463-b00d-bba3d6248d4d_9_29 NB 주간회의2.m4a]
[2025-09-30 03:20:55,542] [INFO] [app_logger:85] - [1ac8ab63-81de-4463-b00d-bba3d6248d4d_9_29 NB 주간회의2.m4a]
[2025-09-30 03:31:35,691] [INFO] [app_logger:85] - [1ac8ab63-81de-4463-b00d-bba3d6248d4d_9_29 NB 주간회의2.m4a]
[2025-09-30 03:45:17,775] [INFO] [app_logger:85] - [1ac8ab63-81de-4463-b00d-bba3d6248d4d_9_29 NB 주간회의2.m4a]
[2025-10-13 02:19:08,093] [INFO] [app_logger:85] - [4d969a81-23c2-4669-9434-ad7a04dc35e7_음성 251013_100330.m4a]
[2025-10-13 02:20:04,212] [INFO] [app_logger:85] - [e887b316-7202-43da-9f56-392726230fdd_새로운 녹음 31.m4a]
[2025-10-13 08:40:14,069] [INFO] [app_logger:85] - [349b4b45-3f26-41b9-ac0c-7efdcffeee1e_회의록 내부 회의.m4a]
